ARM Linker, 4.1 [Build 567] [Evaluation]

==============================================================================

Section Cross References

    startup.o(RESET) refers to prac5.o(codigo) for inicio
    startup.o(.text) refers to startup.o(HEAP) for Heap_Mem
    startup.o(.text) refers to startup.o(STACK) for Stack_Mem
    prac5.o(codigo) refers to rand.o(codigo) for srand
    prac5.o(codigo) refers to prac5.o(datos) for reloj_so
    rand.o(codigo) refers to rand.o(datos) for rand_x


==============================================================================

Removing Unused input sections from the image.

    Removing startup.o(STACK), (2048 bytes).
    Removing startup.o(HEAP), (0 bytes).
    Removing startup.o(.text), (28 bytes).

3 unused section(s) (total 2076 bytes) removed from the image.

==============================================================================

Image Symbol Table

    Local Symbols

    Symbol Name                              Value     Ov Type        Size  Object(Section)

    RESET                                    0x00000000   Section      708  startup.o(RESET)
    Startup.s                                0x00000000   Number         0  startup.o ABSOLUTE
    prac5.s                                  0x00000000   Number         0  prac5.o ABSOLUTE
    rand.s                                   0x00000000   Number         0  rand.o ABSOLUTE
    RSE_Undef                                0x00000040   ARM Code       4  startup.o(RESET)
    RSE_PAbt                                 0x00000044   ARM Code       4  startup.o(RESET)
    RSE_DAbt                                 0x00000048   ARM Code       4  startup.o(RESET)
    RSE_IRQ                                  0x0000004c   ARM Code       4  startup.o(RESET)
    RSE_FIQ                                  0x00000050   ARM Code       4  startup.o(RESET)
    RSE_Reset                                0x00000054   ARM Code       0  startup.o(RESET)
    chanel2irq                               0x00000168   Data          16  startup.o(RESET)
    SO_T                                     0x00000178   Data           4  startup.o(RESET)
    SO_E1                                    0x0000017c   Data          29  startup.o(RESET)
    SO_N                                     0x00000199   Data          48  startup.o(RESET)
    SO_E2                                    0x000001c9   Data          15  startup.o(RESET)
    RSE_SWI                                  0x000001d8   ARM Code       0  startup.o(RESET)
    SO4                                      0x0000023c   ARM Code       0  startup.o(RESET)
    codigo                                   0x40000000   Section     2508  prac5.o(codigo)
    RSI_reloj                                0x400007cc   ARM Code       0  prac5.o(codigo)
    RSI_teclado                              0x40000834   ARM Code       0  prac5.o(codigo)
    codigo                                   0x400009cc   Section      100  rand.o(codigo)
    datos                                    0x40000a30   Section      124  prac5.o(datos)
    reloj                                    0x40000a30   Data           4  prac5.o(datos)
    max                                      0x40000a34   Data           4  prac5.o(datos)
    cont                                     0x40000a38   Data           4  prac5.o(datos)
    dirx                                     0x40000a3c   Data           1  prac5.o(datos)
    diry                                     0x40000a3d   Data           1  prac5.o(datos)
    fin                                      0x40000a3e   Data           1  prac5.o(datos)
    road                                     0x40000a3f   Data          16  prac5.o(datos)
    roadi                                    0x40000a4f   Data           1  prac5.o(datos)
    spr                                      0x40000a50   Data           1  prac5.o(datos)
    sprm                                     0x40000a51   Data           1  prac5.o(datos)
    coche                                    0x40000a54   Data           4  prac5.o(datos)
    mensa                                    0x40000a58   Data           9  prac5.o(datos)
    loading                                  0x40000a61   Data          11  prac5.o(datos)
    scrtxt                                   0x40000a6c   Data           7  prac5.o(datos)
    score                                    0x40000a73   Data           4  prac5.o(datos)
    scrmax                                   0x40000a77   Data           1  prac5.o(datos)
    scrcont                                  0x40000a78   Data           1  prac5.o(datos)
    lvltxt                                   0x40000a79   Data           4  prac5.o(datos)
    lvl                                      0x40000a7d   Data           1  prac5.o(datos)
    lvlmax                                   0x40000a80   Data           4  prac5.o(datos)
    obnum                                    0x40000a84   Data           1  prac5.o(datos)
    obpos                                    0x40000a85   Data           3  prac5.o(datos)
    obdir                                    0x40000a88   Data          12  prac5.o(datos)
    obspr                                    0x40000a94   Data          12  prac5.o(datos)
    reloj_so                                 0x40000aa4   Data           4  prac5.o(datos)
    tecl_so                                  0x40000aa8   Data           4  prac5.o(datos)
    datos                                    0x40000aac   Section       12  rand.o(datos)
    rand_x                                   0x40000aac   Data           4  rand.o(datos)
    rand_a                                   0x40000ab0   Data           4  rand.o(datos)
    rand_c                                   0x40000ab4   Data           4  rand.o(datos)

    Global Symbols

    Symbol Name                              Value     Ov Type        Size  Object(Section)

    BuildAttributes$$THM_ISAv1$ARM_ISAv4$S$PE$A:L22$X:L11$S22$IEEE1$IW$USESV6$~STKCKD$USESV7$~SHL$OSPACE$EBA8$STANDARDLIB$EABIv2 0x00000000   Number         0  anon$$obj.o ABSOLUTE
    inicio                                   0x40000000   ARM Code       0  prac5.o(codigo)
    srand                                    0x400009cc   ARM Code       4  rand.o(codigo)
    rand                                     0x400009e8   ARM Code       4  rand.o(codigo)



==============================================================================

Memory Map of the image

  Image Entry point : 0x00000000

  Load Region LR_IROM1 (Base: 0x00000000, Size: 0x000002c4, Max: 0x00020000, ABSOLUTE)

    Execution Region ER_IROM1 (Base: 0x00000000, Size: 0x000002c4, Max: 0xffffffff, ABSOLUTE)

    Base Addr    Size         Type   Attr      Idx    E Section Name        Object

    0x00000000   0x000002c4   Code   RO            3  * RESET               startup.o



  Load Region LR_IRAM1 (Base: 0x40000000, Size: 0x00000ab8, Max: 0x00008000, ABSOLUTE)

    Execution Region ER_IRAM1 (Base: 0x40000000, Size: 0x00000ab8, Max: 0xffffffff, ABSOLUTE)

    Base Addr    Size         Type   Attr      Idx    E Section Name        Object

    0x40000000   0x000009cc   Code   RO           12    codigo              prac5.o
    0x400009cc   0x00000064   Code   RO           16    codigo              rand.o
    0x40000a30   0x0000007c   Data   RW           11    datos               prac5.o
    0x40000aac   0x0000000c   Data   RW           15    datos               rand.o


==============================================================================

Image component sizes


      Code (inc. data)   RO Data    RW Data    ZI Data      Debug   Object Name

      2508        152          0        124          0        812   prac5.o
       100         12          0         12          0        160   rand.o
       708        224          0          0          0        352   startup.o

    ----------------------------------------------------------------------
      3316        388          0        136          0       1324   Object Totals
         0          0          0          0          0          0   (incl. Generated)
         0          0          0          0          0          0   (incl. Padding)

    ----------------------------------------------------------------------
         0          0          0          0          0          0   Library Totals
         0          0          0          0          0          0   (incl. Padding)

    ----------------------------------------------------------------------

==============================================================================


      Code (inc. data)   RO Data    RW Data    ZI Data      Debug   

      3316        388          0        136          0       1324   Grand Totals
      3316        388          0        136          0       1324   ELF Image Totals
      3316        388          0        136          0          0   ROM Totals

==============================================================================

    Total RO  Size (Code + RO Data)                 3316 (   3.24kB)
    Total RW  Size (RW Data + ZI Data)               136 (   0.13kB)
    Total ROM Size (Code + RO Data + RW Data)       3452 (   3.37kB)

==============================================================================

