<html>
<body>
<pre>
<h1>µVision Build Log</h1>
<h2>Project:</h2>
E:\Disco comun-Sync\Nuestros documentos - Adrian\1 CARRERA\AOC1\Practicas\Practica 5\PARTE1\prac5\prac5.uvproj
Project File Date:  05/25/2016

<h2>Output:</h2>
Build target 'Target 1'
assembling prac5.s...
prac5.s(16): warning: A1581W: Added 2 bytes of padding at address 0x22
prac5.s:    16 00000024 coche DCD  0x40007FEC
prac5.s(33): warning: A1581W: Added 2 bytes of padding at address 0x32
prac5.s:    33 00000034 reloj_so  DCD 0    ;var. para @RSI_timer_SO
prac5.s: 0 Errors, 2 Warnings
linking...
Program Size: Code=2188 RO-data=0 RW-data=72 ZI-data=0  
"prac5.axf" - 0 Error(s), 2 Warning(s).
