ARM Linker, 4.1 [Build 567] [Evaluation]

==============================================================================

Section Cross References

    startup.o(RESET) refers to prac5.o(codigo) for inicio
    startup.o(.text) refers to startup.o(HEAP) for Heap_Mem
    startup.o(.text) refers to startup.o(STACK) for Stack_Mem
    prac5.o(codigo) refers to rand.o(codigo) for srand
    prac5.o(codigo) refers to prac5.o(datos) for reloj_so
    rand.o(codigo) refers to rand.o(datos) for rand_x


==============================================================================

Removing Unused input sections from the image.

    Removing startup.o(STACK), (2048 bytes).
    Removing startup.o(HEAP), (0 bytes).
    Removing startup.o(.text), (28 bytes).

3 unused section(s) (total 2076 bytes) removed from the image.

==============================================================================

Image Symbol Table

    Local Symbols

    Symbol Name                              Value     Ov Type        Size  Object(Section)

    RESET                                    0x00000000   Section      708  startup.o(RESET)
    Startup.s                                0x00000000   Number         0  startup.o ABSOLUTE
    prac5.s                                  0x00000000   Number         0  prac5.o ABSOLUTE
    rand.s                                   0x00000000   Number         0  rand.o ABSOLUTE
    RSE_Undef                                0x00000040   ARM Code       4  startup.o(RESET)
    RSE_PAbt                                 0x00000044   ARM Code       4  startup.o(RESET)
    RSE_DAbt                                 0x00000048   ARM Code       4  startup.o(RESET)
    RSE_IRQ                                  0x0000004c   ARM Code       4  startup.o(RESET)
    RSE_FIQ                                  0x00000050   ARM Code       4  startup.o(RESET)
    RSE_Reset                                0x00000054   ARM Code       0  startup.o(RESET)
    chanel2irq                               0x00000168   Data          16  startup.o(RESET)
    SO_T                                     0x00000178   Data           4  startup.o(RESET)
    SO_E1                                    0x0000017c   Data          29  startup.o(RESET)
    SO_N                                     0x00000199   Data          48  startup.o(RESET)
    SO_E2                                    0x000001c9   Data          15  startup.o(RESET)
    RSE_SWI                                  0x000001d8   ARM Code       0  startup.o(RESET)
    SO4                                      0x0000023c   ARM Code       0  startup.o(RESET)
    codigo                                   0x40000000   Section     1380  prac5.o(codigo)
    RSI_reloj                                0x400003ac   ARM Code       0  prac5.o(codigo)
    RSI_teclado                              0x40000404   ARM Code       0  prac5.o(codigo)
    codigo                                   0x40000564   Section      100  rand.o(codigo)
    datos                                    0x400005c8   Section       60  prac5.o(datos)
    max                                      0x400005cc   Data           4  prac5.o(datos)
    cont                                     0x400005d0   Data           4  prac5.o(datos)
    dirx                                     0x400005d4   Data           1  prac5.o(datos)
    diry                                     0x400005d5   Data           1  prac5.o(datos)
    fin                                      0x400005d6   Data           1  prac5.o(datos)
    road                                     0x400005d7   Data          16  prac5.o(datos)
    roadi                                    0x400005e7   Data           1  prac5.o(datos)
    spr                                      0x400005e8   Data           1  prac5.o(datos)
    sprm                                     0x400005e9   Data           1  prac5.o(datos)
    coche                                    0x400005ec   Data           4  prac5.o(datos)
    mensa                                    0x400005f0   Data           9  prac5.o(datos)
    reloj_so                                 0x400005fc   Data           4  prac5.o(datos)
    tecl_so                                  0x40000600   Data           4  prac5.o(datos)
    datos                                    0x40000604   Section       12  rand.o(datos)
    rand_x                                   0x40000604   Data           4  rand.o(datos)
    rand_a                                   0x40000608   Data           4  rand.o(datos)
    rand_c                                   0x4000060c   Data           4  rand.o(datos)

    Global Symbols

    Symbol Name                              Value     Ov Type        Size  Object(Section)

    BuildAttributes$$THM_ISAv1$ARM_ISAv4$S$PE$A:L22$X:L11$S22$IEEE1$IW$USESV6$~STKCKD$USESV7$~SHL$OSPACE$EBA8$STANDARDLIB$EABIv2 0x00000000   Number         0  anon$$obj.o ABSOLUTE
    inicio                                   0x40000000   ARM Code       0  prac5.o(codigo)
    srand                                    0x40000564   ARM Code       4  rand.o(codigo)
    rand                                     0x40000580   ARM Code       4  rand.o(codigo)



==============================================================================

Memory Map of the image

  Image Entry point : 0x00000000

  Load Region LR_IROM1 (Base: 0x00000000, Size: 0x000002c4, Max: 0x00020000, ABSOLUTE)

    Execution Region ER_IROM1 (Base: 0x00000000, Size: 0x000002c4, Max: 0xffffffff, ABSOLUTE)

    Base Addr    Size         Type   Attr      Idx    E Section Name        Object

    0x00000000   0x000002c4   Code   RO            3  * RESET               startup.o



  Load Region LR_IRAM1 (Base: 0x40000000, Size: 0x00000610, Max: 0x00008000, ABSOLUTE)

    Execution Region ER_IRAM1 (Base: 0x40000000, Size: 0x00000610, Max: 0xffffffff, ABSOLUTE)

    Base Addr    Size         Type   Attr      Idx    E Section Name        Object

    0x40000000   0x00000564   Code   RO           12    codigo              prac5.o
    0x40000564   0x00000064   Code   RO           16    codigo              rand.o
    0x400005c8   0x0000003c   Data   RW           11    datos               prac5.o
    0x40000604   0x0000000c   Data   RW           15    datos               rand.o


==============================================================================

Image component sizes


      Code (inc. data)   RO Data    RW Data    ZI Data      Debug   Object Name

      1380         96          0         60          0        544   prac5.o
       100         12          0         12          0        160   rand.o
       708        224          0          0          0        336   startup.o

    ----------------------------------------------------------------------
      2188        332          0         72          0       1040   Object Totals
         0          0          0          0          0          0   (incl. Generated)
         0          0          0          0          0          0   (incl. Padding)

    ----------------------------------------------------------------------
         0          0          0          0          0          0   Library Totals
         0          0          0          0          0          0   (incl. Padding)

    ----------------------------------------------------------------------

==============================================================================


      Code (inc. data)   RO Data    RW Data    ZI Data      Debug   

      2188        332          0         72          0       1040   Grand Totals
      2188        332          0         72          0       1040   ELF Image Totals
      2188        332          0         72          0          0   ROM Totals

==============================================================================

    Total RO  Size (Code + RO Data)                 2188 (   2.14kB)
    Total RW  Size (RW Data + ZI Data)                72 (   0.07kB)
    Total ROM Size (Code + RO Data + RW Data)       2260 (   2.21kB)

==============================================================================

